Component: ARM Compiler 5.06 update 6 (build 750) Tool: armlink [4d35ed]

==============================================================================

Section Cross References

    main.o(i.ISRSysTick) refers to main.o(.data) for .data
    main.o(i.main) refers to fpu.o(i.FPUEnable) for FPUEnable
    main.o(i.main) refers to fpu.o(i.FPULazyStackingEnable) for FPULazyStackingEnable
    main.o(i.main) refers to sysctl.o(i.SysCtlClockSet) for SysCtlClockSet
    main.o(i.main) refers to sysctl.o(i.SysCtlPWMClockSet) for SysCtlPWMClockSet
    main.o(i.main) refers to sysctl.o(i.SysCtlPeripheralEnable) for SysCtlPeripheralEnable
    main.o(i.main) refers to sysctl.o(i.SysCtlPeripheralReady) for SysCtlPeripheralReady
    main.o(i.main) refers to gpio.o(i.GPIOPinTypeADC) for GPIOPinTypeADC
    main.o(i.main) refers to gpio.o(i.GPIOPinTypeGPIOOutput) for GPIOPinTypeGPIOOutput
    main.o(i.main) refers to gpio.o(i.GPIOPinConfigure) for GPIOPinConfigure
    main.o(i.main) refers to gpio.o(i.GPIOPinTypePWM) for GPIOPinTypePWM
    main.o(i.main) refers to gpio.o(i.GPIOPinTypeUART) for GPIOPinTypeUART
    main.o(i.main) refers to pwm.o(i.PWMGenConfigure) for PWMGenConfigure
    main.o(i.main) refers to pwm.o(i.PWMGenPeriodSet) for PWMGenPeriodSet
    main.o(i.main) refers to pwm.o(i.PWMPulseWidthSet) for PWMPulseWidthSet
    main.o(i.main) refers to pwm.o(i.PWMGenEnable) for PWMGenEnable
    main.o(i.main) refers to pwm.o(i.PWMOutputState) for PWMOutputState
    main.o(i.main) refers to adc.o(i.ADCSequenceConfigure) for ADCSequenceConfigure
    main.o(i.main) refers to adc.o(i.ADCSequenceStepConfigure) for ADCSequenceStepConfigure
    main.o(i.main) refers to adc.o(i.ADCHardwareOversampleConfigure) for ADCHardwareOversampleConfigure
    main.o(i.main) refers to adc.o(i.ADCSequenceEnable) for ADCSequenceEnable
    main.o(i.main) refers to adc.o(i.ADCIntClear) for ADCIntClear
    main.o(i.main) refers to sysctl.o(i.SysCtlClockGet) for SysCtlClockGet
    main.o(i.main) refers to uart.o(i.UARTConfigSetExpClk) for UARTConfigSetExpClk
    main.o(i.main) refers to interrupt.o(i.IntMasterEnable) for IntMasterEnable
    main.o(i.main) refers to systick.o(i.SysTickIntRegister) for SysTickIntRegister
    main.o(i.main) refers to systick.o(i.SysTickPeriodSet) for SysTickPeriodSet
    main.o(i.main) refers to systick.o(i.SysTickIntEnable) for SysTickIntEnable
    main.o(i.main) refers to systick.o(i.SysTickEnable) for SysTickEnable
    main.o(i.main) refers to gpio.o(i.GPIOPinWrite) for GPIOPinWrite
    main.o(i.main) refers to adc.o(i.ADCProcessorTrigger) for ADCProcessorTrigger
    main.o(i.main) refers to adc.o(i.ADCIntStatus) for ADCIntStatus
    main.o(i.main) refers to adc.o(i.ADCSequenceDataGet) for ADCSequenceDataGet
    main.o(i.main) refers to dfltui.o(.text) for __aeabi_ui2d
    main.o(i.main) refers to ddiv.o(.text) for __aeabi_ddiv
    main.o(i.main) refers to dadd.o(.text) for __aeabi_dadd
    main.o(i.main) refers to d2f.o(.text) for __aeabi_d2f
    main.o(i.main) refers to uart.o(i.UARTCharPut) for UARTCharPut
    main.o(i.main) refers to main.o(i.sendChar) for sendChar
    main.o(i.main) refers to main.o(i.sendFloat) for sendFloat
    main.o(i.main) refers to uart.o(i.UARTCharsAvail) for UARTCharsAvail
    main.o(i.main) refers to uart.o(i.UARTCharGet) for UARTCharGet
    main.o(i.main) refers to main.o(.data) for .data
    main.o(i.main) refers to main.o(i.ISRSysTick) for ISRSysTick
    main.o(i.main) refers to main.o(.bss) for .bss
    main.o(i.send) refers to uart.o(i.UARTCharPut) for UARTCharPut
    main.o(i.send) refers to main.o(.data) for .data
    main.o(i.sendChar) refers to uart.o(i.UARTCharPut) for UARTCharPut
    main.o(i.sendFloat) refers to main.o(i.send) for send
    main.o(i.sendFloat) refers to main.o(.data) for .data
    main.o(i.sendInt) refers to main.o(i.send) for send
    main.o(i.sendInt) refers to main.o(.data) for .data
    main.o(i.sendUInt) refers to main.o(i.send) for send
    main.o(i.sendUInt) refers to main.o(.data) for .data
    startup_tm4c123.o(RESET) refers to startup_tm4c123.o(STACK) for __initial_sp
    startup_tm4c123.o(RESET) refers to startup_tm4c123.o(.text) for Reset_Handler
    startup_tm4c123.o(.text) refers to system_tm4c123.o(i.SystemInit) for SystemInit
    startup_tm4c123.o(.text) refers to entry.o(.ARM.Collect$$$$00000000) for __main
    system_tm4c123.o(i.SystemCoreClockUpdate) refers to system_tm4c123.o(i.getOscClk) for getOscClk
    system_tm4c123.o(i.SystemCoreClockUpdate) refers to system_tm4c123.o(.data) for .data
    adc.o(i.ADCIntRegister) refers to interrupt.o(i.IntRegister) for IntRegister
    adc.o(i.ADCIntRegister) refers to interrupt.o(i.IntEnable) for IntEnable
    adc.o(i.ADCIntUnregister) refers to interrupt.o(i.IntDisable) for IntDisable
    adc.o(i.ADCIntUnregister) refers to interrupt.o(i.IntUnregister) for IntUnregister
    adc.o(i.ADCSoftwareOversampleConfigure) refers to adc.o(.data) for .data
    adc.o(i.ADCSoftwareOversampleDataGet) refers to adc.o(.data) for .data
    adc.o(i.ADCSoftwareOversampleStepConfigure) refers to adc.o(.data) for .data
    gpio.o(i.GPIOIntRegister) refers to gpio.o(i._GPIOIntNumberGet) for _GPIOIntNumberGet
    gpio.o(i.GPIOIntRegister) refers to interrupt.o(i.IntRegister) for IntRegister
    gpio.o(i.GPIOIntRegister) refers to interrupt.o(i.IntEnable) for IntEnable
    gpio.o(i.GPIOIntRegisterPin) refers to gpio.o(i._GPIOIntNumberGet) for _GPIOIntNumberGet
    gpio.o(i.GPIOIntRegisterPin) refers to interrupt.o(i.IntRegister) for IntRegister
    gpio.o(i.GPIOIntRegisterPin) refers to interrupt.o(i.IntEnable) for IntEnable
    gpio.o(i.GPIOIntUnregister) refers to gpio.o(i._GPIOIntNumberGet) for _GPIOIntNumberGet
    gpio.o(i.GPIOIntUnregister) refers to interrupt.o(i.IntDisable) for IntDisable
    gpio.o(i.GPIOIntUnregister) refers to interrupt.o(i.IntUnregister) for IntUnregister
    gpio.o(i.GPIOIntUnregisterPin) refers to gpio.o(i._GPIOIntNumberGet) for _GPIOIntNumberGet
    gpio.o(i.GPIOIntUnregisterPin) refers to interrupt.o(i.IntDisable) for IntDisable
    gpio.o(i.GPIOIntUnregisterPin) refers to interrupt.o(i.IntUnregister) for IntUnregister
    gpio.o(i.GPIOPinConfigure) refers to gpio.o(.constdata) for .constdata
    gpio.o(i.GPIOPinTypeADC) refers to gpio.o(i.GPIODirModeSet) for GPIODirModeSet
    gpio.o(i.GPIOPinTypeADC) refers to gpio.o(i.GPIOPadConfigSet) for GPIOPadConfigSet
    gpio.o(i.GPIOPinTypeCAN) refers to gpio.o(i.GPIODirModeSet) for GPIODirModeSet
    gpio.o(i.GPIOPinTypeCAN) refers to gpio.o(i.GPIOPadConfigSet) for GPIOPadConfigSet
    gpio.o(i.GPIOPinTypeComparator) refers to gpio.o(i.GPIODirModeSet) for GPIODirModeSet
    gpio.o(i.GPIOPinTypeComparator) refers to gpio.o(i.GPIOPadConfigSet) for GPIOPadConfigSet
    gpio.o(i.GPIOPinTypeComparatorOutput) refers to gpio.o(i.GPIODirModeSet) for GPIODirModeSet
    gpio.o(i.GPIOPinTypeComparatorOutput) refers to gpio.o(i.GPIOPadConfigSet) for GPIOPadConfigSet
    gpio.o(i.GPIOPinTypeDIVSCLK) refers to gpio.o(i.GPIODirModeSet) for GPIODirModeSet
    gpio.o(i.GPIOPinTypeDIVSCLK) refers to gpio.o(i.GPIOPadConfigSet) for GPIOPadConfigSet
    gpio.o(i.GPIOPinTypeEPI) refers to gpio.o(i.GPIODirModeSet) for GPIODirModeSet
    gpio.o(i.GPIOPinTypeEPI) refers to gpio.o(i.GPIOPadConfigSet) for GPIOPadConfigSet
    gpio.o(i.GPIOPinTypeEthernetLED) refers to gpio.o(i.GPIODirModeSet) for GPIODirModeSet
    gpio.o(i.GPIOPinTypeEthernetLED) refers to gpio.o(i.GPIOPadConfigSet) for GPIOPadConfigSet
    gpio.o(i.GPIOPinTypeEthernetMII) refers to gpio.o(i.GPIODirModeSet) for GPIODirModeSet
    gpio.o(i.GPIOPinTypeEthernetMII) refers to gpio.o(i.GPIOPadConfigSet) for GPIOPadConfigSet
    gpio.o(i.GPIOPinTypeGPIOInput) refers to gpio.o(i.GPIODirModeSet) for GPIODirModeSet
    gpio.o(i.GPIOPinTypeGPIOInput) refers to gpio.o(i.GPIOPadConfigSet) for GPIOPadConfigSet
    gpio.o(i.GPIOPinTypeGPIOOutput) refers to gpio.o(i.GPIOPadConfigSet) for GPIOPadConfigSet
    gpio.o(i.GPIOPinTypeGPIOOutput) refers to gpio.o(i.GPIODirModeSet) for GPIODirModeSet
    gpio.o(i.GPIOPinTypeGPIOOutputOD) refers to gpio.o(i.GPIOPadConfigSet) for GPIOPadConfigSet
    gpio.o(i.GPIOPinTypeGPIOOutputOD) refers to gpio.o(i.GPIODirModeSet) for GPIODirModeSet
    gpio.o(i.GPIOPinTypeHibernateRTCCLK) refers to gpio.o(i.GPIODirModeSet) for GPIODirModeSet
    gpio.o(i.GPIOPinTypeHibernateRTCCLK) refers to gpio.o(i.GPIOPadConfigSet) for GPIOPadConfigSet
    gpio.o(i.GPIOPinTypeI2C) refers to gpio.o(i.GPIODirModeSet) for GPIODirModeSet
    gpio.o(i.GPIOPinTypeI2C) refers to gpio.o(i.GPIOPadConfigSet) for GPIOPadConfigSet
    gpio.o(i.GPIOPinTypeI2CSCL) refers to gpio.o(i.GPIODirModeSet) for GPIODirModeSet
    gpio.o(i.GPIOPinTypeI2CSCL) refers to gpio.o(i.GPIOPadConfigSet) for GPIOPadConfigSet
    gpio.o(i.GPIOPinTypeLCD) refers to gpio.o(i.GPIODirModeSet) for GPIODirModeSet
    gpio.o(i.GPIOPinTypeLCD) refers to gpio.o(i.GPIOPadConfigSet) for GPIOPadConfigSet
    gpio.o(i.GPIOPinTypeOneWire) refers to gpio.o(i.GPIODirModeSet) for GPIODirModeSet
    gpio.o(i.GPIOPinTypeOneWire) refers to gpio.o(i.GPIOPadConfigSet) for GPIOPadConfigSet
    gpio.o(i.GPIOPinTypePWM) refers to gpio.o(i.GPIODirModeSet) for GPIODirModeSet
    gpio.o(i.GPIOPinTypePWM) refers to gpio.o(i.GPIOPadConfigSet) for GPIOPadConfigSet
    gpio.o(i.GPIOPinTypeQEI) refers to gpio.o(i.GPIODirModeSet) for GPIODirModeSet
    gpio.o(i.GPIOPinTypeQEI) refers to gpio.o(i.GPIOPadConfigSet) for GPIOPadConfigSet
    gpio.o(i.GPIOPinTypeSSI) refers to gpio.o(i.GPIODirModeSet) for GPIODirModeSet
    gpio.o(i.GPIOPinTypeSSI) refers to gpio.o(i.GPIOPadConfigSet) for GPIOPadConfigSet
    gpio.o(i.GPIOPinTypeTimer) refers to gpio.o(i.GPIODirModeSet) for GPIODirModeSet
    gpio.o(i.GPIOPinTypeTimer) refers to gpio.o(i.GPIOPadConfigSet) for GPIOPadConfigSet
    gpio.o(i.GPIOPinTypeTrace) refers to gpio.o(i.GPIODirModeSet) for GPIODirModeSet
    gpio.o(i.GPIOPinTypeTrace) refers to gpio.o(i.GPIOPadConfigSet) for GPIOPadConfigSet
    gpio.o(i.GPIOPinTypeUART) refers to gpio.o(i.GPIODirModeSet) for GPIODirModeSet
    gpio.o(i.GPIOPinTypeUART) refers to gpio.o(i.GPIOPadConfigSet) for GPIOPadConfigSet
    gpio.o(i.GPIOPinTypeUSBAnalog) refers to gpio.o(i.GPIODirModeSet) for GPIODirModeSet
    gpio.o(i.GPIOPinTypeUSBAnalog) refers to gpio.o(i.GPIOPadConfigSet) for GPIOPadConfigSet
    gpio.o(i.GPIOPinTypeUSBDigital) refers to gpio.o(i.GPIODirModeSet) for GPIODirModeSet
    gpio.o(i.GPIOPinTypeUSBDigital) refers to gpio.o(i.GPIOPadConfigSet) for GPIOPadConfigSet
    gpio.o(i.GPIOPinTypeWakeHigh) refers to gpio.o(i.GPIODirModeSet) for GPIODirModeSet
    gpio.o(i.GPIOPinTypeWakeHigh) refers to gpio.o(i.GPIOPadConfigSet) for GPIOPadConfigSet
    gpio.o(i.GPIOPinTypeWakeLow) refers to gpio.o(i.GPIODirModeSet) for GPIODirModeSet
    gpio.o(i.GPIOPinTypeWakeLow) refers to gpio.o(i.GPIOPadConfigSet) for GPIOPadConfigSet
    gpio.o(i._GPIOIntNumberGet) refers to gpio.o(.constdata) for .constdata
    interrupt.o(i.IntDisable) refers to interrupt.o(.constdata) for .constdata
    interrupt.o(i.IntEnable) refers to interrupt.o(.constdata) for .constdata
    interrupt.o(i.IntIsEnabled) refers to interrupt.o(.constdata) for .constdata
    interrupt.o(i.IntMasterDisable) refers to cpu.o(.emb_text) for CPUcpsid
    interrupt.o(i.IntMasterEnable) refers to cpu.o(.emb_text) for CPUcpsie
    interrupt.o(i.IntPendClear) refers to interrupt.o(.constdata) for .constdata
    interrupt.o(i.IntPendSet) refers to interrupt.o(.constdata) for .constdata
    interrupt.o(i.IntPriorityGet) refers to interrupt.o(.constdata) for .constdata
    interrupt.o(i.IntPriorityGroupingGet) refers to interrupt.o(.constdata) for .constdata
    interrupt.o(i.IntPriorityGroupingSet) refers to interrupt.o(.constdata) for .constdata
    interrupt.o(i.IntPriorityMaskGet) refers to cpu.o(.emb_text) for CPUbasepriGet
    interrupt.o(i.IntPriorityMaskSet) refers to cpu.o(.emb_text) for CPUbasepriSet
    interrupt.o(i.IntPrioritySet) refers to interrupt.o(.constdata) for .constdata
    interrupt.o(i.IntRegister) refers to interrupt.o(vtable) for vtable
    interrupt.o(i.IntUnregister) refers to interrupt.o(i._IntDefaultHandler) for _IntDefaultHandler
    interrupt.o(i.IntUnregister) refers to interrupt.o(vtable) for vtable
    pwm.o(i.PWMFaultIntRegister) refers to interrupt.o(i.IntRegister) for IntRegister
    pwm.o(i.PWMFaultIntRegister) refers to interrupt.o(i.IntEnable) for IntEnable
    pwm.o(i.PWMFaultIntUnregister) refers to interrupt.o(i.IntDisable) for IntDisable
    pwm.o(i.PWMFaultIntUnregister) refers to interrupt.o(i.IntUnregister) for IntUnregister
    pwm.o(i.PWMGenIntRegister) refers to pwm.o(i._PWMGenIntNumberGet) for _PWMGenIntNumberGet
    pwm.o(i.PWMGenIntRegister) refers to interrupt.o(i.IntRegister) for IntRegister
    pwm.o(i.PWMGenIntRegister) refers to interrupt.o(i.IntEnable) for IntEnable
    pwm.o(i.PWMGenIntUnregister) refers to pwm.o(i._PWMGenIntNumberGet) for _PWMGenIntNumberGet
    pwm.o(i.PWMGenIntUnregister) refers to interrupt.o(i.IntDisable) for IntDisable
    pwm.o(i.PWMGenIntUnregister) refers to interrupt.o(i.IntUnregister) for IntUnregister
    sysctl.o(i.SysCtlClockFreqSet) refers to sysctl.o(.constdata) for .constdata
    sysctl.o(i.SysCtlClockGet) refers to sysctl.o(.constdata) for .constdata
    sysctl.o(i.SysCtlClockSet) refers to sysctl.o(.emb_text) for SysCtlDelay
    sysctl.o(i.SysCtlDeepSleep) refers to cpu.o(.emb_text) for CPUwfi
    sysctl.o(i.SysCtlIntRegister) refers to interrupt.o(i.IntRegister) for IntRegister
    sysctl.o(i.SysCtlIntRegister) refers to interrupt.o(i.IntEnable) for IntEnable
    sysctl.o(i.SysCtlIntUnregister) refers to interrupt.o(i.IntDisable) for IntDisable
    sysctl.o(i.SysCtlIntUnregister) refers to interrupt.o(i.IntUnregister) for IntUnregister
    sysctl.o(i.SysCtlSleep) refers to cpu.o(.emb_text) for CPUwfi
    sysctl.o(i.SysCtlVCOGet) refers to sysctl.o(.constdata) for .constdata
    systick.o(i.SysTickIntRegister) refers to interrupt.o(i.IntRegister) for IntRegister
    systick.o(i.SysTickIntUnregister) refers to interrupt.o(i.IntUnregister) for IntUnregister
    uart.o(i.UARTIntRegister) refers to interrupt.o(i.IntRegister) for IntRegister
    uart.o(i.UARTIntRegister) refers to interrupt.o(i.IntEnable) for IntEnable
    uart.o(i.UARTIntRegister) refers to uart.o(.constdata) for .constdata
    uart.o(i.UARTIntUnregister) refers to interrupt.o(i.IntDisable) for IntDisable
    uart.o(i.UARTIntUnregister) refers to interrupt.o(i.IntUnregister) for IntUnregister
    uart.o(i.UARTIntUnregister) refers to uart.o(.constdata) for .constdata
    entry.o(.ARM.Collect$$$$00000000) refers (Special) to entry10a.o(.ARM.Collect$$$$0000000D) for __rt_final_cpp
    entry.o(.ARM.Collect$$$$00000000) refers (Special) to entry11a.o(.ARM.Collect$$$$0000000F) for __rt_final_exit
    entry.o(.ARM.Collect$$$$00000000) refers (Special) to entry7b.o(.ARM.Collect$$$$00000008) for _main_clock
    entry.o(.ARM.Collect$$$$00000000) refers (Special) to entry8b.o(.ARM.Collect$$$$0000000A) for _main_cpp_init
    entry.o(.ARM.Collect$$$$00000000) refers (Special) to entry9a.o(.ARM.Collect$$$$0000000B) for _main_init
    entry.o(.ARM.Collect$$$$00000000) refers (Special) to entry5.o(.ARM.Collect$$$$00000004) for _main_scatterload
    entry.o(.ARM.Collect$$$$00000000) refers (Special) to entry2.o(.ARM.Collect$$$$00000001) for _main_stk
    dadd.o(.text) refers (Special) to iusefp.o(.text) for __I$use$fp
    dadd.o(.text) refers to llshl.o(.text) for __aeabi_llsl
    dadd.o(.text) refers to llsshr.o(.text) for __aeabi_lasr
    dadd.o(.text) refers to depilogue.o(.text) for _double_epilogue
    ddiv.o(.text) refers (Special) to iusefp.o(.text) for __I$use$fp
    ddiv.o(.text) refers to depilogue.o(.text) for _double_round
    dfltui.o(.text) refers (Special) to iusefp.o(.text) for __I$use$fp
    dfltui.o(.text) refers to depilogue.o(.text) for _double_epilogue
    d2f.o(.text) refers (Special) to iusefp.o(.text) for __I$use$fp
    d2f.o(.text) refers to fepilogue.o(.text) for _float_round
    entry2.o(.ARM.Collect$$$$00000001) refers to entry2.o(.ARM.Collect$$$$00002712) for __lit__00000000
    entry2.o(.ARM.Collect$$$$00002712) refers to startup_tm4c123.o(STACK) for __initial_sp
    entry2.o(__vectab_stack_and_reset_area) refers to startup_tm4c123.o(STACK) for __initial_sp
    entry2.o(__vectab_stack_and_reset_area) refers to entry.o(.ARM.Collect$$$$00000000) for __main
    entry5.o(.ARM.Collect$$$$00000004) refers to init.o(.text) for __scatterload
    entry9a.o(.ARM.Collect$$$$0000000B) refers to main.o(i.main) for main
    entry9b.o(.ARM.Collect$$$$0000000C) refers to main.o(i.main) for main
    depilogue.o(.text) refers to llshl.o(.text) for __aeabi_llsl
    depilogue.o(.text) refers to llushr.o(.text) for __aeabi_llsr
    init.o(.text) refers to entry5.o(.ARM.Collect$$$$00000004) for __main_after_scatterload


==============================================================================

Removing Unused input sections from the image.

    Removing main.o(i.sendInt), (12 bytes).
    Removing main.o(i.sendUInt), (12 bytes).
    Removing startup_tm4c123.o(HEAP), (0 bytes).
    Removing system_tm4c123.o(.rev16_text), (4 bytes).
    Removing system_tm4c123.o(.revsh_text), (4 bytes).
    Removing system_tm4c123.o(.rrx_text), (6 bytes).
    Removing system_tm4c123.o(i.SystemCoreClockUpdate), (124 bytes).
    Removing system_tm4c123.o(i.getOscClk), (220 bytes).
    Removing system_tm4c123.o(.data), (4 bytes).
    Removing adc.o(i.ADCBusy), (8 bytes).
    Removing adc.o(i.ADCClockConfigGet), (32 bytes).
    Removing adc.o(i.ADCClockConfigSet), (28 bytes).
    Removing adc.o(i.ADCComparatorConfigure), (10 bytes).
    Removing adc.o(i.ADCComparatorIntClear), (4 bytes).
    Removing adc.o(i.ADCComparatorIntDisable), (18 bytes).
    Removing adc.o(i.ADCComparatorIntEnable), (16 bytes).
    Removing adc.o(i.ADCComparatorIntStatus), (4 bytes).
    Removing adc.o(i.ADCComparatorRegionSet), (14 bytes).
    Removing adc.o(i.ADCComparatorReset), (40 bytes).
    Removing adc.o(i.ADCIntClearEx), (4 bytes).
    Removing adc.o(i.ADCIntDisable), (16 bytes).
    Removing adc.o(i.ADCIntDisableEx), (10 bytes).
    Removing adc.o(i.ADCIntEnable), (16 bytes).
    Removing adc.o(i.ADCIntEnableEx), (8 bytes).
    Removing adc.o(i.ADCIntRegister), (104 bytes).
    Removing adc.o(i.ADCIntStatusEx), (22 bytes).
    Removing adc.o(i.ADCIntUnregister), (108 bytes).
    Removing adc.o(i.ADCPhaseDelayGet), (4 bytes).
    Removing adc.o(i.ADCPhaseDelaySet), (4 bytes).
    Removing adc.o(i.ADCReferenceGet), (8 bytes).
    Removing adc.o(i.ADCReferenceSet), (12 bytes).
    Removing adc.o(i.ADCSequenceDMADisable), (18 bytes).
    Removing adc.o(i.ADCSequenceDMAEnable), (16 bytes).
    Removing adc.o(i.ADCSequenceDisable), (16 bytes).
    Removing adc.o(i.ADCSequenceOverflow), (12 bytes).
    Removing adc.o(i.ADCSequenceOverflowClear), (10 bytes).
    Removing adc.o(i.ADCSequenceUnderflow), (12 bytes).
    Removing adc.o(i.ADCSequenceUnderflowClear), (10 bytes).
    Removing adc.o(i.ADCSoftwareOversampleConfigure), (44 bytes).
    Removing adc.o(i.ADCSoftwareOversampleDataGet), (88 bytes).
    Removing adc.o(i.ADCSoftwareOversampleStepConfigure), (168 bytes).
    Removing adc.o(.data), (6 bytes).
    Removing fpu.o(i.FPUDisable), (16 bytes).
    Removing fpu.o(i.FPUFlushToZeroModeSet), (20 bytes).
    Removing fpu.o(i.FPUHalfPrecisionModeSet), (20 bytes).
    Removing fpu.o(i.FPUNaNModeSet), (20 bytes).
    Removing fpu.o(i.FPURoundingModeSet), (20 bytes).
    Removing fpu.o(i.FPUStackingDisable), (16 bytes).
    Removing fpu.o(i.FPUStackingEnable), (20 bytes).
    Removing gpio.o(i.GPIOADCTriggerDisable), (14 bytes).
    Removing gpio.o(i.GPIOADCTriggerEnable), (12 bytes).
    Removing gpio.o(i.GPIODMATriggerDisable), (14 bytes).
    Removing gpio.o(i.GPIODMATriggerEnable), (12 bytes).
    Removing gpio.o(i.GPIODirModeGet), (34 bytes).
    Removing gpio.o(i.GPIOIntClear), (6 bytes).
    Removing gpio.o(i.GPIOIntDisable), (14 bytes).
    Removing gpio.o(i.GPIOIntEnable), (12 bytes).
    Removing gpio.o(i.GPIOIntRegister), (26 bytes).
    Removing gpio.o(i.GPIOIntRegisterPin), (30 bytes).
    Removing gpio.o(i.GPIOIntStatus), (14 bytes).
    Removing gpio.o(i.GPIOIntTypeGet), (68 bytes).
    Removing gpio.o(i.GPIOIntTypeSet), (80 bytes).
    Removing gpio.o(i.GPIOIntUnregister), (22 bytes).
    Removing gpio.o(i.GPIOIntUnregisterPin), (26 bytes).
    Removing gpio.o(i.GPIOPadConfigGet), (204 bytes).
    Removing gpio.o(i.GPIOPinRead), (6 bytes).
    Removing gpio.o(i.GPIOPinTypeCAN), (28 bytes).
    Removing gpio.o(i.GPIOPinTypeComparator), (28 bytes).
    Removing gpio.o(i.GPIOPinTypeComparatorOutput), (28 bytes).
    Removing gpio.o(i.GPIOPinTypeDIVSCLK), (28 bytes).
    Removing gpio.o(i.GPIOPinTypeEPI), (28 bytes).
    Removing gpio.o(i.GPIOPinTypeEthernetLED), (28 bytes).
    Removing gpio.o(i.GPIOPinTypeEthernetMII), (28 bytes).
    Removing gpio.o(i.GPIOPinTypeGPIOInput), (28 bytes).
    Removing gpio.o(i.GPIOPinTypeGPIOOutputOD), (28 bytes).
    Removing gpio.o(i.GPIOPinTypeHibernateRTCCLK), (28 bytes).
    Removing gpio.o(i.GPIOPinTypeI2C), (28 bytes).
    Removing gpio.o(i.GPIOPinTypeI2CSCL), (28 bytes).
    Removing gpio.o(i.GPIOPinTypeLCD), (28 bytes).
    Removing gpio.o(i.GPIOPinTypeOneWire), (28 bytes).
    Removing gpio.o(i.GPIOPinTypeQEI), (28 bytes).
    Removing gpio.o(i.GPIOPinTypeSSI), (28 bytes).
    Removing gpio.o(i.GPIOPinTypeTimer), (28 bytes).
    Removing gpio.o(i.GPIOPinTypeTrace), (28 bytes).
    Removing gpio.o(i.GPIOPinTypeUSBAnalog), (28 bytes).
    Removing gpio.o(i.GPIOPinTypeUSBDigital), (28 bytes).
    Removing gpio.o(i.GPIOPinTypeWakeHigh), (30 bytes).
    Removing gpio.o(i.GPIOPinTypeWakeLow), (30 bytes).
    Removing gpio.o(i.GPIOPinWakeStatus), (6 bytes).
    Removing gpio.o(i._GPIOIntNumberGet), (80 bytes).
    Removing interrupt.o(i.IntDisable), (100 bytes).
    Removing interrupt.o(i.IntEnable), (100 bytes).
    Removing interrupt.o(i.IntIsEnabled), (96 bytes).
    Removing interrupt.o(i.IntMasterDisable), (14 bytes).
    Removing interrupt.o(i.IntPendClear), (68 bytes).
    Removing interrupt.o(i.IntPendSet), (84 bytes).
    Removing interrupt.o(i.IntPriorityGet), (28 bytes).
    Removing interrupt.o(i.IntPriorityGroupingGet), (36 bytes).
    Removing interrupt.o(i.IntPriorityGroupingSet), (28 bytes).
    Removing interrupt.o(i.IntPriorityMaskGet), (4 bytes).
    Removing interrupt.o(i.IntPriorityMaskSet), (4 bytes).
    Removing interrupt.o(i.IntPrioritySet), (40 bytes).
    Removing interrupt.o(i.IntTrigger), (12 bytes).
    Removing interrupt.o(i.IntUnregister), (20 bytes).
    Removing interrupt.o(i._IntDefaultHandler), (2 bytes).
    Removing interrupt.o(.constdata), (268 bytes).
    Removing pwm.o(i.PWMClockGet), (26 bytes).
    Removing pwm.o(i.PWMClockSet), (20 bytes).
    Removing pwm.o(i.PWMDeadBandDisable), (12 bytes).
    Removing pwm.o(i.PWMDeadBandEnable), (16 bytes).
    Removing pwm.o(i.PWMFaultIntClear), (8 bytes).
    Removing pwm.o(i.PWMFaultIntClearExt), (4 bytes).
    Removing pwm.o(i.PWMFaultIntRegister), (92 bytes).
    Removing pwm.o(i.PWMFaultIntUnregister), (84 bytes).
    Removing pwm.o(i.PWMGenDisable), (10 bytes).
    Removing pwm.o(i.PWMGenFaultClear), (18 bytes).
    Removing pwm.o(i.PWMGenFaultConfigure), (18 bytes).
    Removing pwm.o(i.PWMGenFaultStatus), (18 bytes).
    Removing pwm.o(i.PWMGenFaultTriggerGet), (12 bytes).
    Removing pwm.o(i.PWMGenFaultTriggerSet), (12 bytes).
    Removing pwm.o(i.PWMGenIntClear), (6 bytes).
    Removing pwm.o(i.PWMGenIntRegister), (26 bytes).
    Removing pwm.o(i.PWMGenIntStatus), (12 bytes).
    Removing pwm.o(i.PWMGenIntTrigDisable), (10 bytes).
    Removing pwm.o(i.PWMGenIntTrigEnable), (10 bytes).
    Removing pwm.o(i.PWMGenIntUnregister), (22 bytes).
    Removing pwm.o(i.PWMGenPeriodGet), (18 bytes).
    Removing pwm.o(i.PWMIntDisable), (10 bytes).
    Removing pwm.o(i.PWMIntEnable), (8 bytes).
    Removing pwm.o(i.PWMIntStatus), (10 bytes).
    Removing pwm.o(i.PWMOutputFault), (16 bytes).
    Removing pwm.o(i.PWMOutputFaultLevel), (16 bytes).
    Removing pwm.o(i.PWMOutputInvert), (16 bytes).
    Removing pwm.o(i.PWMOutputUpdateMode), (62 bytes).
    Removing pwm.o(i.PWMPulseWidthGet), (32 bytes).
    Removing pwm.o(i.PWMSyncTimeBase), (4 bytes).
    Removing pwm.o(i.PWMSyncUpdate), (4 bytes).
    Removing pwm.o(i._PWMGenIntNumberGet), (224 bytes).
    Removing sysctl.o(i.SysCtlAltClkConfig), (12 bytes).
    Removing sysctl.o(i.SysCtlClockFreqSet), (740 bytes).
    Removing sysctl.o(i.SysCtlClockOutConfig), (20 bytes).
    Removing sysctl.o(i.SysCtlDeepSleep), (32 bytes).
    Removing sysctl.o(i.SysCtlDeepSleepClockConfigSet), (112 bytes).
    Removing sysctl.o(i.SysCtlDeepSleepClockSet), (12 bytes).
    Removing sysctl.o(i.SysCtlDeepSleepPowerSet), (12 bytes).
    Removing sysctl.o(i.SysCtlFlashSectorSizeGet), (56 bytes).
    Removing sysctl.o(i.SysCtlFlashSizeGet), (56 bytes).
    Removing sysctl.o(i.SysCtlGPIOAHBDisable), (28 bytes).
    Removing sysctl.o(i.SysCtlGPIOAHBEnable), (24 bytes).
    Removing sysctl.o(i.SysCtlIntClear), (12 bytes).
    Removing sysctl.o(i.SysCtlIntDisable), (16 bytes).
    Removing sysctl.o(i.SysCtlIntEnable), (16 bytes).
    Removing sysctl.o(i.SysCtlIntRegister), (20 bytes).
    Removing sysctl.o(i.SysCtlIntStatus), (16 bytes).
    Removing sysctl.o(i.SysCtlIntUnregister), (18 bytes).
    Removing sysctl.o(i.SysCtlLDODeepSleepGet), (12 bytes).
    Removing sysctl.o(i.SysCtlLDODeepSleepSet), (12 bytes).
    Removing sysctl.o(i.SysCtlLDOSleepGet), (12 bytes).
    Removing sysctl.o(i.SysCtlLDOSleepSet), (12 bytes).
    Removing sysctl.o(i.SysCtlMOSCConfigSet), (12 bytes).
    Removing sysctl.o(i.SysCtlNMIClear), (16 bytes).
    Removing sysctl.o(i.SysCtlNMIStatus), (12 bytes).
    Removing sysctl.o(i.SysCtlPIOSCCalibrate), (76 bytes).
    Removing sysctl.o(i.SysCtlPWMClockGet), (24 bytes).
    Removing sysctl.o(i.SysCtlPeripheralClockGating), (68 bytes).
    Removing sysctl.o(i.SysCtlPeripheralDeepSleepDisable), (40 bytes).
    Removing sysctl.o(i.SysCtlPeripheralDeepSleepEnable), (40 bytes).
    Removing sysctl.o(i.SysCtlPeripheralDisable), (40 bytes).
    Removing sysctl.o(i.SysCtlPeripheralPowerOff), (40 bytes).
    Removing sysctl.o(i.SysCtlPeripheralPowerOn), (40 bytes).
    Removing sysctl.o(i.SysCtlPeripheralPresent), (44 bytes).
    Removing sysctl.o(i.SysCtlPeripheralReset), (60 bytes).
    Removing sysctl.o(i.SysCtlPeripheralSleepDisable), (40 bytes).
    Removing sysctl.o(i.SysCtlPeripheralSleepEnable), (40 bytes).
    Removing sysctl.o(i.SysCtlReset), (16 bytes).
    Removing sysctl.o(i.SysCtlResetBehaviorGet), (12 bytes).
    Removing sysctl.o(i.SysCtlResetBehaviorSet), (12 bytes).
    Removing sysctl.o(i.SysCtlResetCauseClear), (16 bytes).
    Removing sysctl.o(i.SysCtlResetCauseGet), (12 bytes).
    Removing sysctl.o(i.SysCtlSRAMSizeGet), (16 bytes).
    Removing sysctl.o(i.SysCtlSleep), (4 bytes).
    Removing sysctl.o(i.SysCtlSleepPowerSet), (12 bytes).
    Removing sysctl.o(i.SysCtlUSBPLLDisable), (16 bytes).
    Removing sysctl.o(i.SysCtlUSBPLLEnable), (16 bytes).
    Removing sysctl.o(i.SysCtlVCOGet), (120 bytes).
    Removing sysctl.o(i.SysCtlVoltageEventClear), (16 bytes).
    Removing sysctl.o(i.SysCtlVoltageEventConfig), (12 bytes).
    Removing sysctl.o(i.SysCtlVoltageEventStatus), (12 bytes).
    Removing systick.o(i.SysTickDisable), (14 bytes).
    Removing systick.o(i.SysTickIntDisable), (14 bytes).
    Removing systick.o(i.SysTickIntUnregister), (18 bytes).
    Removing systick.o(i.SysTickPeriodGet), (10 bytes).
    Removing systick.o(i.SysTickValueGet), (8 bytes).
    Removing uart.o(i.UART9BitAddrSend), (38 bytes).
    Removing uart.o(i.UART9BitAddrSet), (10 bytes).
    Removing uart.o(i.UART9BitDisable), (14 bytes).
    Removing uart.o(i.UART9BitEnable), (14 bytes).
    Removing uart.o(i.UARTBreakCtl), (18 bytes).
    Removing uart.o(i.UARTBusy), (8 bytes).
    Removing uart.o(i.UARTCharGetNonBlocking), (16 bytes).
    Removing uart.o(i.UARTCharPutNonBlocking), (16 bytes).
    Removing uart.o(i.UARTClockSourceGet), (6 bytes).
    Removing uart.o(i.UARTClockSourceSet), (6 bytes).
    Removing uart.o(i.UARTConfigGetExpClk), (46 bytes).
    Removing uart.o(i.UARTDMADisable), (10 bytes).
    Removing uart.o(i.UARTDMAEnable), (8 bytes).
    Removing uart.o(i.UARTDisable), (30 bytes).
    Removing uart.o(i.UARTDisableSIR), (10 bytes).
    Removing uart.o(i.UARTEnable), (20 bytes).
    Removing uart.o(i.UARTEnableSIR), (18 bytes).
    Removing uart.o(i.UARTFIFODisable), (10 bytes).
    Removing uart.o(i.UARTFIFOEnable), (10 bytes).
    Removing uart.o(i.UARTFIFOLevelGet), (16 bytes).
    Removing uart.o(i.UARTFIFOLevelSet), (6 bytes).
    Removing uart.o(i.UARTFlowControlGet), (8 bytes).
    Removing uart.o(i.UARTFlowControlSet), (12 bytes).
    Removing uart.o(i.UARTIntClear), (4 bytes).
    Removing uart.o(i.UARTIntDisable), (10 bytes).
    Removing uart.o(i.UARTIntEnable), (8 bytes).
    Removing uart.o(i.UARTIntRegister), (88 bytes).
    Removing uart.o(i.UARTIntStatus), (10 bytes).
    Removing uart.o(i.UARTIntUnregister), (88 bytes).
    Removing uart.o(i.UARTLoopbackEnable), (10 bytes).
    Removing uart.o(i.UARTModemControlClear), (14 bytes).
    Removing uart.o(i.UARTModemControlGet), (8 bytes).
    Removing uart.o(i.UARTModemControlSet), (12 bytes).
    Removing uart.o(i.UARTModemStatusGet), (10 bytes).
    Removing uart.o(i.UARTParityModeGet), (8 bytes).
    Removing uart.o(i.UARTParityModeSet), (12 bytes).
    Removing uart.o(i.UARTRxErrorClear), (6 bytes).
    Removing uart.o(i.UARTRxErrorGet), (8 bytes).
    Removing uart.o(i.UARTSmartCardDisable), (10 bytes).
    Removing uart.o(i.UARTSmartCardEnable), (22 bytes).
    Removing uart.o(i.UARTSpaceAvail), (10 bytes).
    Removing uart.o(i.UARTTxIntModeGet), (8 bytes).
    Removing uart.o(i.UARTTxIntModeSet), (12 bytes).
    Removing uart.o(.constdata), (128 bytes).

237 unused section(s) (total 7502 bytes) removed from the image.

==============================================================================

Image Symbol Table

    Local Symbols

    Symbol Name                              Value     Ov Type        Size  Object(Section)

    RESET                                    0x00000000   Section      620  startup_tm4c123.o(RESET)
    ../clib/../cmprslib/zerorunl2.c          0x00000000   Number         0  __dczerorl2.o ABSOLUTE
    ../clib/microlib/init/entry.s            0x00000000   Number         0  entry11b.o ABSOLUTE
    ../clib/microlib/init/entry.s            0x00000000   Number         0  entry11a.o ABSOLUTE
    ../clib/microlib/init/entry.s            0x00000000   Number         0  entry10b.o ABSOLUTE
    ../clib/microlib/init/entry.s            0x00000000   Number         0  entry10a.o ABSOLUTE
    ../clib/microlib/init/entry.s            0x00000000   Number         0  entry9b.o ABSOLUTE
    ../clib/microlib/init/entry.s            0x00000000   Number         0  entry9a.o ABSOLUTE
    ../clib/microlib/init/entry.s            0x00000000   Number         0  entry2.o ABSOLUTE
    ../clib/microlib/init/entry.s            0x00000000   Number         0  entry8b.o ABSOLUTE
    ../clib/microlib/init/entry.s            0x00000000   Number         0  entry5.o ABSOLUTE
    ../clib/microlib/init/entry.s            0x00000000   Number         0  entry7a.o ABSOLUTE
    ../clib/microlib/init/entry.s            0x00000000   Number         0  entry8a.o ABSOLUTE
    ../clib/microlib/init/entry.s            0x00000000   Number         0  entry7b.o ABSOLUTE
    ../clib/microlib/init/entry.s            0x00000000   Number         0  entry.o ABSOLUTE
    ../clib/microlib/longlong.c              0x00000000   Number         0  llsshr.o ABSOLUTE
    ../clib/microlib/longlong.c              0x00000000   Number         0  llshl.o ABSOLUTE
    ../clib/microlib/longlong.c              0x00000000   Number         0  llushr.o ABSOLUTE
    ../clib/microlib/stubs.s                 0x00000000   Number         0  iusefp.o ABSOLUTE
    ../fplib/microlib/d2f.c                  0x00000000   Number         0  d2f.o ABSOLUTE
    ../fplib/microlib/fpadd.c                0x00000000   Number         0  dadd.o ABSOLUTE
    ../fplib/microlib/fpdiv.c                0x00000000   Number         0  ddiv.o ABSOLUTE
    ../fplib/microlib/fpepilogue.c           0x00000000   Number         0  depilogue.o ABSOLUTE
    ../fplib/microlib/fpepilogue.c           0x00000000   Number         0  fepilogue.o ABSOLUTE
    ../fplib/microlib/fpflt.c                0x00000000   Number         0  dfltui.o ABSOLUTE
    RTE\Device\TM4C123GH6PM\startup_TM4C123.s 0x00000000   Number         0  startup_tm4c123.o ABSOLUTE
    RTE\Device\TM4C123GH6PM\system_TM4C123.c 0x00000000   Number         0  system_tm4c123.o ABSOLUTE
    RTE\\Device\\TM4C123GH6PM\\system_TM4C123.c 0x00000000   Number         0  system_tm4c123.o ABSOLUTE
    adc.c                                    0x00000000   Number         0  adc.o ABSOLUTE
    cpu.c                                    0x00000000   Number         0  cpu.o ABSOLUTE
    cpu.c                                    0x00000000   Number         0  cpu.o ABSOLUTE
    dc.s                                     0x00000000   Number         0  dc.o ABSOLUTE
    fpu.c                                    0x00000000   Number         0  fpu.o ABSOLUTE
    gpio.c                                   0x00000000   Number         0  gpio.o ABSOLUTE
    handlers.s                               0x00000000   Number         0  handlers.o ABSOLUTE
    init.s                                   0x00000000   Number         0  init.o ABSOLUTE
    interrupt.c                              0x00000000   Number         0  interrupt.o ABSOLUTE
    main.c                                   0x00000000   Number         0  main.o ABSOLUTE
    pwm.c                                    0x00000000   Number         0  pwm.o ABSOLUTE
    sysctl.c                                 0x00000000   Number         0  sysctl.o ABSOLUTE
    sysctl.c                                 0x00000000   Number         0  sysctl.o ABSOLUTE
    systick.c                                0x00000000   Number         0  systick.o ABSOLUTE
    uart.c                                   0x00000000   Number         0  uart.o ABSOLUTE
    .ARM.Collect$$$$00000000                 0x0000026c   Section        0  entry.o(.ARM.Collect$$$$00000000)
    .ARM.Collect$$$$00000001                 0x0000026c   Section        4  entry2.o(.ARM.Collect$$$$00000001)
    .ARM.Collect$$$$00000004                 0x00000270   Section        4  entry5.o(.ARM.Collect$$$$00000004)
    .ARM.Collect$$$$00000008                 0x00000274   Section        0  entry7b.o(.ARM.Collect$$$$00000008)
    .ARM.Collect$$$$0000000A                 0x00000274   Section        0  entry8b.o(.ARM.Collect$$$$0000000A)
    .ARM.Collect$$$$0000000B                 0x00000274   Section        8  entry9a.o(.ARM.Collect$$$$0000000B)
    .ARM.Collect$$$$0000000D                 0x0000027c   Section        0  entry10a.o(.ARM.Collect$$$$0000000D)
    .ARM.Collect$$$$0000000F                 0x0000027c   Section        0  entry11a.o(.ARM.Collect$$$$0000000F)
    .ARM.Collect$$$$00002712                 0x0000027c   Section        4  entry2.o(.ARM.Collect$$$$00002712)
    __lit__00000000                          0x0000027c   Data           4  entry2.o(.ARM.Collect$$$$00002712)
    .emb_text                                0x00000280   Section        6  sysctl.o(.emb_text)
    $v0                                      0x00000280   Number         0  sysctl.o(.emb_text)
    .emb_text                                0x00000288   Section       38  cpu.o(.emb_text)
    $v0                                      0x00000288   Number         0  cpu.o(.emb_text)
    .text                                    0x000002b0   Section      252  startup_tm4c123.o(.text)
    $v0                                      0x000002b0   Number         0  startup_tm4c123.o(.text)
    .text                                    0x000003ac   Section        0  dadd.o(.text)
    .text                                    0x000004fa   Section        0  ddiv.o(.text)
    .text                                    0x000005d8   Section        0  dfltui.o(.text)
    .text                                    0x000005f2   Section        0  d2f.o(.text)
    .text                                    0x0000062a   Section        0  llshl.o(.text)
    .text                                    0x00000648   Section        0  llsshr.o(.text)
    .text                                    0x0000066c   Section        0  fepilogue.o(.text)
    .text                                    0x0000066c   Section        0  iusefp.o(.text)
    .text                                    0x000006da   Section        0  depilogue.o(.text)
    .text                                    0x00000794   Section       36  init.o(.text)
    .text                                    0x000007b8   Section        0  llushr.o(.text)
    .text                                    0x000007d8   Section        0  __dczerorl2.o(.text)
    i.ADCHardwareOversampleConfigure         0x0000082e   Section        0  adc.o(i.ADCHardwareOversampleConfigure)
    i.ADCIntClear                            0x00000840   Section        0  adc.o(i.ADCIntClear)
    i.ADCIntStatus                           0x0000084a   Section        0  adc.o(i.ADCIntStatus)
    i.ADCProcessorTrigger                    0x0000087e   Section        0  adc.o(i.ADCProcessorTrigger)
    i.ADCSequenceConfigure                   0x00000898   Section        0  adc.o(i.ADCSequenceConfigure)
    i.ADCSequenceDataGet                     0x000008f8   Section        0  adc.o(i.ADCSequenceDataGet)
    i.ADCSequenceEnable                      0x0000091c   Section        0  adc.o(i.ADCSequenceEnable)
    i.ADCSequenceStepConfigure               0x0000092a   Section        0  adc.o(i.ADCSequenceStepConfigure)
    i.FPUEnable                              0x000009c4   Section        0  fpu.o(i.FPUEnable)
    i.FPULazyStackingEnable                  0x000009d4   Section        0  fpu.o(i.FPULazyStackingEnable)
    i.GPIODirModeSet                         0x000009e4   Section        0  gpio.o(i.GPIODirModeSet)
    i.GPIOPadConfigSet                       0x00000a0c   Section        0  gpio.o(i.GPIOPadConfigSet)
    i.GPIOPinConfigure                       0x00000b44   Section        0  gpio.o(i.GPIOPinConfigure)
    i.GPIOPinTypeADC                         0x00000b88   Section        0  gpio.o(i.GPIOPinTypeADC)
    i.GPIOPinTypeGPIOOutput                  0x00000ba4   Section        0  gpio.o(i.GPIOPinTypeGPIOOutput)
    i.GPIOPinTypePWM                         0x00000bc0   Section        0  gpio.o(i.GPIOPinTypePWM)
    i.GPIOPinTypeUART                        0x00000bdc   Section        0  gpio.o(i.GPIOPinTypeUART)
    i.GPIOPinWrite                           0x00000bf8   Section        0  gpio.o(i.GPIOPinWrite)
    i.ISRSysTick                             0x00000c00   Section        0  main.o(i.ISRSysTick)
    i.IntMasterEnable                        0x00000c0c   Section        0  interrupt.o(i.IntMasterEnable)
    i.IntRegister                            0x00000c1c   Section        0  interrupt.o(i.IntRegister)
    i.PWMGenConfigure                        0x00000c50   Section        0  pwm.o(i.PWMGenConfigure)
    i.PWMGenEnable                           0x00000c76   Section        0  pwm.o(i.PWMGenEnable)
    i.PWMGenPeriodSet                        0x00000c80   Section        0  pwm.o(i.PWMGenPeriodSet)
    i.PWMOutputState                         0x00000c92   Section        0  pwm.o(i.PWMOutputState)
    i.PWMPulseWidthSet                       0x00000ca2   Section        0  pwm.o(i.PWMPulseWidthSet)
    i.SysCtlClockGet                         0x00000cc4   Section        0  sysctl.o(i.SysCtlClockGet)
    i.SysCtlClockSet                         0x00000e18   Section        0  sysctl.o(i.SysCtlClockSet)
    i.SysCtlPWMClockSet                      0x00000f38   Section        0  sysctl.o(i.SysCtlPWMClockSet)
    i.SysCtlPeripheralEnable                 0x00000f4c   Section        0  sysctl.o(i.SysCtlPeripheralEnable)
    i.SysCtlPeripheralReady                  0x00000f74   Section        0  sysctl.o(i.SysCtlPeripheralReady)
    i.SysTickEnable                          0x00000fa0   Section        0  systick.o(i.SysTickEnable)
    i.SysTickIntEnable                       0x00000fae   Section        0  systick.o(i.SysTickIntEnable)
    i.SysTickIntRegister                     0x00000fbc   Section        0  systick.o(i.SysTickIntRegister)
    i.SysTickPeriodSet                       0x00000fd4   Section        0  systick.o(i.SysTickPeriodSet)
    i.SystemInit                             0x00000fe0   Section        0  system_tm4c123.o(i.SystemInit)
    i.UARTCharGet                            0x00001064   Section        0  uart.o(i.UARTCharGet)
    i.UARTCharPut                            0x00001070   Section        0  uart.o(i.UARTCharPut)
    i.UARTCharsAvail                         0x0000107c   Section        0  uart.o(i.UARTCharsAvail)
    i.UARTConfigSetExpClk                    0x00001086   Section        0  uart.o(i.UARTConfigSetExpClk)
    i.__scatterload_copy                     0x000010f4   Section       14  handlers.o(i.__scatterload_copy)
    i.__scatterload_null                     0x00001102   Section        2  handlers.o(i.__scatterload_null)
    i.__scatterload_zeroinit                 0x00001104   Section       14  handlers.o(i.__scatterload_zeroinit)
    i.main                                   0x00001114   Section        0  main.o(i.main)
    i.send                                   0x000015b4   Section        0  main.o(i.send)
    i.sendChar                               0x000015e8   Section        0  main.o(i.sendChar)
    i.sendFloat                              0x000015f4   Section        0  main.o(i.sendFloat)
    .constdata                               0x00001604   Section      552  gpio.o(.constdata)
    g_ppui32GPIOIntMapBlizzard               0x00001604   Data         192  gpio.o(.constdata)
    g_ppui32GPIOIntMapSnowflake              0x000016c4   Data         216  gpio.o(.constdata)
    g_pui32GPIOBaseAddrs                     0x0000179c   Data         144  gpio.o(.constdata)
    .constdata                               0x0000182c   Section      596  sysctl.o(.constdata)
    g_pui32VCOFrequencies                    0x0000182c   Data           8  sysctl.o(.constdata)
    g_pui32Xtals                             0x00001834   Data         108  sysctl.o(.constdata)
    g_pppui32XTALtoVCO                       0x000018a0   Data         432  sysctl.o(.constdata)
    g_sXTALtoMEMTIM                          0x00001a50   Data          48  sysctl.o(.constdata)
    .data                                    0x20000000   Section      476  main.o(.data)
    vtable                                   0x20000400   Section      620  interrupt.o(vtable)
    g_pfnRAMVectors                          0x20000400   Data         620  interrupt.o(vtable)
    .bss                                     0x2000066c   Section       32  main.o(.bss)
    STACK                                    0x20000690   Section      512  startup_tm4c123.o(STACK)

    Global Symbols

    Symbol Name                              Value     Ov Type        Size  Object(Section)

    BuildAttributes$$THM_ISAv4$E$P$D$K$B$S$7EM$VFPi3$EXTD16$VFPS$VFMA$PE$A:L22UL41UL21$X:L11$S22US41US21$IEEE1$IW$USESV6$~STKCKD$USESV7$~SHL$OTIME$ROPI$EBA8$MICROLIB$REQ8$PRES8$EABIv2 0x00000000   Number         0  anon$$obj.o ABSOLUTE
    __ARM_use_no_argv                        0x00000000   Number         0  main.o ABSOLUTE
    __Vectors                                0x00000000   Data           4  startup_tm4c123.o(RESET)
    __cpp_initialize__aeabi_                  - Undefined Weak Reference
    __cxa_finalize                            - Undefined Weak Reference
    _clock_init                               - Undefined Weak Reference
    _microlib_exit                            - Undefined Weak Reference
    __Vectors_End                            0x0000026c   Data           0  startup_tm4c123.o(RESET)
    __Vectors_Size                           0x0000026c   Number         0  startup_tm4c123.o ABSOLUTE
    __main                                   0x0000026d   Thumb Code     0  entry.o(.ARM.Collect$$$$00000000)
    _main_stk                                0x0000026d   Thumb Code     0  entry2.o(.ARM.Collect$$$$00000001)
    _main_scatterload                        0x00000271   Thumb Code     0  entry5.o(.ARM.Collect$$$$00000004)
    __main_after_scatterload                 0x00000275   Thumb Code     0  entry5.o(.ARM.Collect$$$$00000004)
    _main_clock                              0x00000275   Thumb Code     0  entry7b.o(.ARM.Collect$$$$00000008)
    _main_cpp_init                           0x00000275   Thumb Code     0  entry8b.o(.ARM.Collect$$$$0000000A)
    _main_init                               0x00000275   Thumb Code     0  entry9a.o(.ARM.Collect$$$$0000000B)
    __rt_final_cpp                           0x0000027d   Thumb Code     0  entry10a.o(.ARM.Collect$$$$0000000D)
    __rt_final_exit                          0x0000027d   Thumb Code     0  entry11a.o(.ARM.Collect$$$$0000000F)
    SysCtlDelay                              0x00000281   Thumb Code     6  sysctl.o(.emb_text)
    CPUcpsid                                 0x00000289   Thumb Code     8  cpu.o(.emb_text)
    CPUprimask                               0x00000291   Thumb Code     6  cpu.o(.emb_text)
    CPUcpsie                                 0x00000297   Thumb Code     8  cpu.o(.emb_text)
    CPUwfi                                   0x0000029f   Thumb Code     4  cpu.o(.emb_text)
    CPUbasepriSet                            0x000002a3   Thumb Code     6  cpu.o(.emb_text)
    CPUbasepriGet                            0x000002a9   Thumb Code     6  cpu.o(.emb_text)
    Reset_Handler                            0x000002b1   Thumb Code     8  startup_tm4c123.o(.text)
    NMI_Handler                              0x000002b9   Thumb Code     2  startup_tm4c123.o(.text)
    HardFault_Handler                        0x000002bb   Thumb Code     2  startup_tm4c123.o(.text)
    MemManage_Handler                        0x000002bd   Thumb Code     2  startup_tm4c123.o(.text)
    BusFault_Handler                         0x000002bf   Thumb Code     2  startup_tm4c123.o(.text)
    UsageFault_Handler                       0x000002c1   Thumb Code     2  startup_tm4c123.o(.text)
    SVC_Handler                              0x000002c3   Thumb Code     2  startup_tm4c123.o(.text)
    DebugMon_Handler                         0x000002c5   Thumb Code     2  startup_tm4c123.o(.text)
    PendSV_Handler                           0x000002c7   Thumb Code     2  startup_tm4c123.o(.text)
    SysTick_Handler                          0x000002c9   Thumb Code     2  startup_tm4c123.o(.text)
    GPIOA_Handler                            0x000002cb   Thumb Code     2  startup_tm4c123.o(.text)
    GPIOB_Handler                            0x000002cd   Thumb Code     2  startup_tm4c123.o(.text)
    GPIOC_Handler                            0x000002cf   Thumb Code     2  startup_tm4c123.o(.text)
    GPIOD_Handler                            0x000002d1   Thumb Code     2  startup_tm4c123.o(.text)
    GPIOE_Handler                            0x000002d3   Thumb Code     2  startup_tm4c123.o(.text)
    UART0_Handler                            0x000002d5   Thumb Code     2  startup_tm4c123.o(.text)
    UART1_Handler                            0x000002d7   Thumb Code     2  startup_tm4c123.o(.text)
    SSI0_Handler                             0x000002d9   Thumb Code     2  startup_tm4c123.o(.text)
    I2C0_Handler                             0x000002db   Thumb Code     2  startup_tm4c123.o(.text)
    PMW0_FAULT_Handler                       0x000002dd   Thumb Code     2  startup_tm4c123.o(.text)
    PWM0_0_Handler                           0x000002df   Thumb Code     2  startup_tm4c123.o(.text)
    PWM0_1_Handler                           0x000002e1   Thumb Code     2  startup_tm4c123.o(.text)
    PWM0_2_Handler                           0x000002e3   Thumb Code     2  startup_tm4c123.o(.text)
    QEI0_Handler                             0x000002e5   Thumb Code     2  startup_tm4c123.o(.text)
    ADC0SS0_Handler                          0x000002e7   Thumb Code     2  startup_tm4c123.o(.text)
    ADC0SS1_Handler                          0x000002e9   Thumb Code     2  startup_tm4c123.o(.text)
    ADC0SS2_Handler                          0x000002eb   Thumb Code     2  startup_tm4c123.o(.text)
    ADC0SS3_Handler                          0x000002ed   Thumb Code     2  startup_tm4c123.o(.text)
    WDT0_Handler                             0x000002ef   Thumb Code     2  startup_tm4c123.o(.text)
    TIMER0A_Handler                          0x000002f1   Thumb Code     2  startup_tm4c123.o(.text)
    TIMER0B_Handler                          0x000002f3   Thumb Code     2  startup_tm4c123.o(.text)
    TIMER1A_Handler                          0x000002f5   Thumb Code     2  startup_tm4c123.o(.text)
    TIMER1B_Handler                          0x000002f7   Thumb Code     2  startup_tm4c123.o(.text)
    TIMER2A_Handler                          0x000002f9   Thumb Code     2  startup_tm4c123.o(.text)
    TIMER2B_Handler                          0x000002fb   Thumb Code     2  startup_tm4c123.o(.text)
    COMP0_Handler                            0x000002fd   Thumb Code     2  startup_tm4c123.o(.text)
    COMP1_Handler                            0x000002ff   Thumb Code     2  startup_tm4c123.o(.text)
    COMP2_Handler                            0x00000301   Thumb Code     2  startup_tm4c123.o(.text)
    SYSCTL_Handler                           0x00000303   Thumb Code     2  startup_tm4c123.o(.text)
    FLASH_Handler                            0x00000305   Thumb Code     2  startup_tm4c123.o(.text)
    GPIOF_Handler                            0x00000307   Thumb Code     2  startup_tm4c123.o(.text)
    GPIOG_Handler                            0x00000309   Thumb Code     2  startup_tm4c123.o(.text)
    GPIOH_Handler                            0x0000030b   Thumb Code     2  startup_tm4c123.o(.text)
    UART2_Handler                            0x0000030d   Thumb Code     2  startup_tm4c123.o(.text)
    SSI1_Handler                             0x0000030f   Thumb Code     2  startup_tm4c123.o(.text)
    TIMER3A_Handler                          0x00000311   Thumb Code     2  startup_tm4c123.o(.text)
    TIMER3B_Handler                          0x00000313   Thumb Code     2  startup_tm4c123.o(.text)
    I2C1_Handler                             0x00000315   Thumb Code     2  startup_tm4c123.o(.text)
    QEI1_Handler                             0x00000317   Thumb Code     2  startup_tm4c123.o(.text)
    CAN0_Handler                             0x00000319   Thumb Code     2  startup_tm4c123.o(.text)
    CAN1_Handler                             0x0000031b   Thumb Code     2  startup_tm4c123.o(.text)
    CAN2_Handler                             0x0000031d   Thumb Code     2  startup_tm4c123.o(.text)
    HIB_Handler                              0x0000031f   Thumb Code     2  startup_tm4c123.o(.text)
    USB0_Handler                             0x00000321   Thumb Code     2  startup_tm4c123.o(.text)
    PWM0_3_Handler                           0x00000323   Thumb Code     2  startup_tm4c123.o(.text)
    UDMA_Handler                             0x00000325   Thumb Code     2  startup_tm4c123.o(.text)
    UDMAERR_Handler                          0x00000327   Thumb Code     2  startup_tm4c123.o(.text)
    ADC1SS0_Handler                          0x00000329   Thumb Code     2  startup_tm4c123.o(.text)
    ADC1SS1_Handler                          0x0000032b   Thumb Code     2  startup_tm4c123.o(.text)
    ADC1SS2_Handler                          0x0000032d   Thumb Code     2  startup_tm4c123.o(.text)
    ADC1SS3_Handler                          0x0000032f   Thumb Code     2  startup_tm4c123.o(.text)
    GPIOJ_Handler                            0x00000331   Thumb Code     2  startup_tm4c123.o(.text)
    GPIOK_Handler                            0x00000333   Thumb Code     2  startup_tm4c123.o(.text)
    GPIOL_Handler                            0x00000335   Thumb Code     2  startup_tm4c123.o(.text)
    SSI2_Handler                             0x00000337   Thumb Code     2  startup_tm4c123.o(.text)
    SSI3_Handler                             0x00000339   Thumb Code     2  startup_tm4c123.o(.text)
    UART3_Handler                            0x0000033b   Thumb Code     2  startup_tm4c123.o(.text)
    UART4_Handler                            0x0000033d   Thumb Code     2  startup_tm4c123.o(.text)
    UART5_Handler                            0x0000033f   Thumb Code     2  startup_tm4c123.o(.text)
    UART6_Handler                            0x00000341   Thumb Code     2  startup_tm4c123.o(.text)
    UART7_Handler                            0x00000343   Thumb Code     2  startup_tm4c123.o(.text)
    I2C2_Handler                             0x00000345   Thumb Code     2  startup_tm4c123.o(.text)
    I2C3_Handler                             0x00000347   Thumb Code     2  startup_tm4c123.o(.text)
    TIMER4A_Handler                          0x00000349   Thumb Code     2  startup_tm4c123.o(.text)
    TIMER4B_Handler                          0x0000034b   Thumb Code     2  startup_tm4c123.o(.text)
    TIMER5A_Handler                          0x0000034d   Thumb Code     2  startup_tm4c123.o(.text)
    TIMER5B_Handler                          0x0000034f   Thumb Code     2  startup_tm4c123.o(.text)
    WTIMER0A_Handler                         0x00000351   Thumb Code     2  startup_tm4c123.o(.text)
    WTIMER0B_Handler                         0x00000353   Thumb Code     2  startup_tm4c123.o(.text)
    WTIMER1A_Handler                         0x00000355   Thumb Code     2  startup_tm4c123.o(.text)
    WTIMER1B_Handler                         0x00000357   Thumb Code     2  startup_tm4c123.o(.text)
    WTIMER2A_Handler                         0x00000359   Thumb Code     2  startup_tm4c123.o(.text)
    WTIMER2B_Handler                         0x0000035b   Thumb Code     2  startup_tm4c123.o(.text)
    WTIMER3A_Handler                         0x0000035d   Thumb Code     2  startup_tm4c123.o(.text)
    WTIMER3B_Handler                         0x0000035f   Thumb Code     2  startup_tm4c123.o(.text)
    WTIMER4A_Handler                         0x00000361   Thumb Code     2  startup_tm4c123.o(.text)
    WTIMER4B_Handler                         0x00000363   Thumb Code     2  startup_tm4c123.o(.text)
    WTIMER5A_Handler                         0x00000365   Thumb Code     2  startup_tm4c123.o(.text)
    WTIMER5B_Handler                         0x00000367   Thumb Code     2  startup_tm4c123.o(.text)
    FPU_Handler                              0x00000369   Thumb Code     2  startup_tm4c123.o(.text)
    I2C4_Handler                             0x0000036b   Thumb Code     2  startup_tm4c123.o(.text)
    I2C5_Handler                             0x0000036d   Thumb Code     2  startup_tm4c123.o(.text)
    GPIOM_Handler                            0x0000036f   Thumb Code     2  startup_tm4c123.o(.text)
    GPION_Handler                            0x00000371   Thumb Code     2  startup_tm4c123.o(.text)
    QEI2_Handler                             0x00000373   Thumb Code     2  startup_tm4c123.o(.text)
    GPIOP0_Handler                           0x00000375   Thumb Code     2  startup_tm4c123.o(.text)
    GPIOP1_Handler                           0x00000377   Thumb Code     2  startup_tm4c123.o(.text)
    GPIOP2_Handler                           0x00000379   Thumb Code     2  startup_tm4c123.o(.text)
    GPIOP3_Handler                           0x0000037b   Thumb Code     2  startup_tm4c123.o(.text)
    GPIOP4_Handler                           0x0000037d   Thumb Code     2  startup_tm4c123.o(.text)
    GPIOP5_Handler                           0x0000037f   Thumb Code     2  startup_tm4c123.o(.text)
    GPIOP6_Handler                           0x00000381   Thumb Code     2  startup_tm4c123.o(.text)
    GPIOP7_Handler                           0x00000383   Thumb Code     2  startup_tm4c123.o(.text)
    GPIOQ0_Handler                           0x00000385   Thumb Code     2  startup_tm4c123.o(.text)
    GPIOQ1_Handler                           0x00000387   Thumb Code     2  startup_tm4c123.o(.text)
    GPIOQ2_Handler                           0x00000389   Thumb Code     2  startup_tm4c123.o(.text)
    GPIOQ3_Handler                           0x0000038b   Thumb Code     2  startup_tm4c123.o(.text)
    GPIOQ4_Handler                           0x0000038d   Thumb Code     2  startup_tm4c123.o(.text)
    GPIOQ5_Handler                           0x0000038f   Thumb Code     2  startup_tm4c123.o(.text)
    GPIOQ6_Handler                           0x00000391   Thumb Code     2  startup_tm4c123.o(.text)
    GPIOQ7_Handler                           0x00000393   Thumb Code     2  startup_tm4c123.o(.text)
    GPIOR_Handler                            0x00000395   Thumb Code     2  startup_tm4c123.o(.text)
    GPIOS_Handler                            0x00000397   Thumb Code     2  startup_tm4c123.o(.text)
    PMW1_0_Handler                           0x00000399   Thumb Code     2  startup_tm4c123.o(.text)
    PWM1_1_Handler                           0x0000039b   Thumb Code     2  startup_tm4c123.o(.text)
    PWM1_2_Handler                           0x0000039d   Thumb Code     2  startup_tm4c123.o(.text)
    PWM1_3_Handler                           0x0000039f   Thumb Code     2  startup_tm4c123.o(.text)
    PWM1_FAULT_Handler                       0x000003a1   Thumb Code     2  startup_tm4c123.o(.text)
    __aeabi_dadd                             0x000003ad   Thumb Code   322  dadd.o(.text)
    __aeabi_dsub                             0x000004ef   Thumb Code     6  dadd.o(.text)
    __aeabi_drsub                            0x000004f5   Thumb Code     6  dadd.o(.text)
    __aeabi_ddiv                             0x000004fb   Thumb Code   222  ddiv.o(.text)
    __aeabi_ui2d                             0x000005d9   Thumb Code    26  dfltui.o(.text)
    __aeabi_d2f                              0x000005f3   Thumb Code    56  d2f.o(.text)
    __aeabi_llsl                             0x0000062b   Thumb Code    30  llshl.o(.text)
    _ll_shift_l                              0x0000062b   Thumb Code     0  llshl.o(.text)
    __aeabi_lasr                             0x00000649   Thumb Code    36  llsshr.o(.text)
    _ll_sshift_r                             0x00000649   Thumb Code     0  llsshr.o(.text)
    __I$use$fp                               0x0000066d   Thumb Code     0  iusefp.o(.text)
    _float_round                             0x0000066d   Thumb Code    18  fepilogue.o(.text)
    _float_epilogue                          0x0000067f   Thumb Code    92  fepilogue.o(.text)
    _double_round                            0x000006db   Thumb Code    30  depilogue.o(.text)
    _double_epilogue                         0x000006f9   Thumb Code   156  depilogue.o(.text)
    __scatterload                            0x00000795   Thumb Code    28  init.o(.text)
    __scatterload_rt2                        0x00000795   Thumb Code     0  init.o(.text)
    __aeabi_llsr                             0x000007b9   Thumb Code    32  llushr.o(.text)
    _ll_ushift_r                             0x000007b9   Thumb Code     0  llushr.o(.text)
    __decompress                             0x000007d9   Thumb Code     0  __dczerorl2.o(.text)
    __decompress1                            0x000007d9   Thumb Code    86  __dczerorl2.o(.text)
    ADCHardwareOversampleConfigure           0x0000082f   Thumb Code    18  adc.o(i.ADCHardwareOversampleConfigure)
    ADCIntClear                              0x00000841   Thumb Code    10  adc.o(i.ADCIntClear)
    ADCIntStatus                             0x0000084b   Thumb Code    52  adc.o(i.ADCIntStatus)
    ADCProcessorTrigger                      0x0000087f   Thumb Code    26  adc.o(i.ADCProcessorTrigger)
    ADCSequenceConfigure                     0x00000899   Thumb Code    96  adc.o(i.ADCSequenceConfigure)
    ADCSequenceDataGet                       0x000008f9   Thumb Code    36  adc.o(i.ADCSequenceDataGet)
    ADCSequenceEnable                        0x0000091d   Thumb Code    14  adc.o(i.ADCSequenceEnable)
    ADCSequenceStepConfigure                 0x0000092b   Thumb Code   154  adc.o(i.ADCSequenceStepConfigure)
    FPUEnable                                0x000009c5   Thumb Code    12  fpu.o(i.FPUEnable)
    FPULazyStackingEnable                    0x000009d5   Thumb Code    12  fpu.o(i.FPULazyStackingEnable)
    GPIODirModeSet                           0x000009e5   Thumb Code    40  gpio.o(i.GPIODirModeSet)
    GPIOPadConfigSet                         0x00000a0d   Thumb Code   312  gpio.o(i.GPIOPadConfigSet)
    GPIOPinConfigure                         0x00000b45   Thumb Code    60  gpio.o(i.GPIOPinConfigure)
    GPIOPinTypeADC                           0x00000b89   Thumb Code    28  gpio.o(i.GPIOPinTypeADC)
    GPIOPinTypeGPIOOutput                    0x00000ba5   Thumb Code    28  gpio.o(i.GPIOPinTypeGPIOOutput)
    GPIOPinTypePWM                           0x00000bc1   Thumb Code    28  gpio.o(i.GPIOPinTypePWM)
    GPIOPinTypeUART                          0x00000bdd   Thumb Code    28  gpio.o(i.GPIOPinTypeUART)
    GPIOPinWrite                             0x00000bf9   Thumb Code     6  gpio.o(i.GPIOPinWrite)
    ISRSysTick                               0x00000c01   Thumb Code     8  main.o(i.ISRSysTick)
    IntMasterEnable                          0x00000c0d   Thumb Code    14  interrupt.o(i.IntMasterEnable)
    IntRegister                              0x00000c1d   Thumb Code    44  interrupt.o(i.IntRegister)
    PWMGenConfigure                          0x00000c51   Thumb Code    38  pwm.o(i.PWMGenConfigure)
    PWMGenEnable                             0x00000c77   Thumb Code    10  pwm.o(i.PWMGenEnable)
    PWMGenPeriodSet                          0x00000c81   Thumb Code    18  pwm.o(i.PWMGenPeriodSet)
    PWMOutputState                           0x00000c93   Thumb Code    16  pwm.o(i.PWMOutputState)
    PWMPulseWidthSet                         0x00000ca3   Thumb Code    32  pwm.o(i.PWMPulseWidthSet)
    SysCtlClockGet                           0x00000cc5   Thumb Code   304  sysctl.o(i.SysCtlClockGet)
    SysCtlClockSet                           0x00000e19   Thumb Code   270  sysctl.o(i.SysCtlClockSet)
    SysCtlPWMClockSet                        0x00000f39   Thumb Code    14  sysctl.o(i.SysCtlPWMClockSet)
    SysCtlPeripheralEnable                   0x00000f4d   Thumb Code    36  sysctl.o(i.SysCtlPeripheralEnable)
    SysCtlPeripheralReady                    0x00000f75   Thumb Code    40  sysctl.o(i.SysCtlPeripheralReady)
    SysTickEnable                            0x00000fa1   Thumb Code    14  systick.o(i.SysTickEnable)
    SysTickIntEnable                         0x00000faf   Thumb Code    14  systick.o(i.SysTickIntEnable)
    SysTickIntRegister                       0x00000fbd   Thumb Code    24  systick.o(i.SysTickIntRegister)
    SysTickPeriodSet                         0x00000fd5   Thumb Code    10  systick.o(i.SysTickPeriodSet)
    SystemInit                               0x00000fe1   Thumb Code    90  system_tm4c123.o(i.SystemInit)
    UARTCharGet                              0x00001065   Thumb Code    12  uart.o(i.UARTCharGet)
    UARTCharPut                              0x00001071   Thumb Code    12  uart.o(i.UARTCharPut)
    UARTCharsAvail                           0x0000107d   Thumb Code    10  uart.o(i.UARTCharsAvail)
    UARTConfigSetExpClk                      0x00001087   Thumb Code   110  uart.o(i.UARTConfigSetExpClk)
    __scatterload_copy                       0x000010f5   Thumb Code    14  handlers.o(i.__scatterload_copy)
    __scatterload_null                       0x00001103   Thumb Code     2  handlers.o(i.__scatterload_null)
    __scatterload_zeroinit                   0x00001105   Thumb Code    14  handlers.o(i.__scatterload_zeroinit)
    main                                     0x00001115   Thumb Code  1178  main.o(i.main)
    send                                     0x000015b5   Thumb Code    42  main.o(i.send)
    sendChar                                 0x000015e9   Thumb Code     8  main.o(i.sendChar)
    sendFloat                                0x000015f5   Thumb Code    10  main.o(i.sendFloat)
    Region$$Table$$Base                      0x00001a80   Number         0  anon$$obj.o(Region$$Table)
    Region$$Table$$Limit                     0x00001aa0   Number         0  anon$$obj.o(Region$$Table)
    doControlFlag                            0x20000000   Data           1  main.o(.data)
    startSavingBytes                         0x20000001   Data           1  main.o(.data)
    inByte                                   0x20000002   Data           1  main.o(.data)
    receivedParametersFlag                   0x20000003   Data           1  main.o(.data)
    counter                                  0x20000004   Data           4  main.o(.data)
    sensor                                   0x20000008   Data           4  main.o(.data)
    distance                                 0x2000000c   Data           4  main.o(.data)
    dutyCycle                                0x20000010   Data           4  main.o(.data)
    pwmPeriod                                0x20000014   Data           4  main.o(.data)
    error                                    0x20000018   Data           4  main.o(.data)
    setPoint                                 0x2000001c   Data           4  main.o(.data)
    pControl                                 0x20000020   Data           4  main.o(.data)
    iControl                                 0x20000024   Data           4  main.o(.data)
    dControl                                 0x20000028   Data           4  main.o(.data)
    kp                                       0x2000002c   Data           4  main.o(.data)
    kd                                       0x20000030   Data           4  main.o(.data)
    ki                                       0x20000034   Data           4  main.o(.data)
    dt                                       0x20000038   Data           4  main.o(.data)
    pid                                      0x2000003c   Data           4  main.o(.data)
    bufferCount                              0x20000040   Data           4  main.o(.data)
    sendBuffer                               0x20000044   Data           4  main.o(.data)
    calibration                              0x20000048   Data         404  main.o(.data)
    distanceBuffer                           0x2000066c   Data          12  main.o(.bss)
    buffer                                   0x20000678   Data          20  main.o(.bss)
    __initial_sp                             0x20000890   Data           0  startup_tm4c123.o(STACK)



==============================================================================

Memory Map of the image

  Image Entry point : 0x000002b1

  Load Region LR_1 (Base: 0x00000000, Size: 0x0000210c, Max: 0xffffffff, ABSOLUTE, COMPRESSED[0x00001bd8])

    Execution Region ER_RO (Exec base: 0x00000000, Load base: 0x00000000, Size: 0x00001aa0, Max: 0xffffffff, ABSOLUTE)

    Exec Addr    Load Addr    Size         Type   Attr      Idx    E Section Name        Object

    0x00000000   0x00000000   0x0000026c   Data   RO          104    RESET               startup_tm4c123.o
    0x0000026c   0x0000026c   0x00000000   Code   RO         1886  * .ARM.Collect$$$$00000000  mc_w.l(entry.o)
    0x0000026c   0x0000026c   0x00000004   Code   RO         1897    .ARM.Collect$$$$00000001  mc_w.l(entry2.o)
    0x00000270   0x00000270   0x00000004   Code   RO         1900    .ARM.Collect$$$$00000004  mc_w.l(entry5.o)
    0x00000274   0x00000274   0x00000000   Code   RO         1902    .ARM.Collect$$$$00000008  mc_w.l(entry7b.o)
    0x00000274   0x00000274   0x00000000   Code   RO         1904    .ARM.Collect$$$$0000000A  mc_w.l(entry8b.o)
    0x00000274   0x00000274   0x00000008   Code   RO         1905    .ARM.Collect$$$$0000000B  mc_w.l(entry9a.o)
    0x0000027c   0x0000027c   0x00000000   Code   RO         1907    .ARM.Collect$$$$0000000D  mc_w.l(entry10a.o)
    0x0000027c   0x0000027c   0x00000000   Code   RO         1909    .ARM.Collect$$$$0000000F  mc_w.l(entry11a.o)
    0x0000027c   0x0000027c   0x00000004   Code   RO         1898    .ARM.Collect$$$$00002712  mc_w.l(entry2.o)
    0x00000280   0x00000280   0x00000006   Code   RO         1170    .emb_text           driverlib.lib(sysctl.o)
    0x00000286   0x00000286   0x00000002   PAD
    0x00000288   0x00000288   0x00000026   Code   RO         1876    .emb_text           driverlib.lib(cpu.o)
    0x000002ae   0x000002ae   0x00000002   PAD
    0x000002b0   0x000002b0   0x000000fc   Code   RO          105  * .text               startup_tm4c123.o
    0x000003ac   0x000003ac   0x0000014e   Code   RO         1889    .text               mf_w.l(dadd.o)
    0x000004fa   0x000004fa   0x000000de   Code   RO         1891    .text               mf_w.l(ddiv.o)
    0x000005d8   0x000005d8   0x0000001a   Code   RO         1893    .text               mf_w.l(dfltui.o)
    0x000005f2   0x000005f2   0x00000038   Code   RO         1895    .text               mf_w.l(d2f.o)
    0x0000062a   0x0000062a   0x0000001e   Code   RO         1911    .text               mc_w.l(llshl.o)
    0x00000648   0x00000648   0x00000024   Code   RO         1913    .text               mc_w.l(llsshr.o)
    0x0000066c   0x0000066c   0x00000000   Code   RO         1915    .text               mc_w.l(iusefp.o)
    0x0000066c   0x0000066c   0x0000006e   Code   RO         1916    .text               mf_w.l(fepilogue.o)
    0x000006da   0x000006da   0x000000ba   Code   RO         1918    .text               mf_w.l(depilogue.o)
    0x00000794   0x00000794   0x00000024   Code   RO         1920    .text               mc_w.l(init.o)
    0x000007b8   0x000007b8   0x00000020   Code   RO         1922    .text               mc_w.l(llushr.o)
    0x000007d8   0x000007d8   0x00000056   Code   RO         1932    .text               mc_w.l(__dczerorl2.o)
    0x0000082e   0x0000082e   0x00000012   Code   RO          183    i.ADCHardwareOversampleConfigure  driverlib.lib(adc.o)
    0x00000840   0x00000840   0x0000000a   Code   RO          184    i.ADCIntClear       driverlib.lib(adc.o)
    0x0000084a   0x0000084a   0x00000034   Code   RO          191    i.ADCIntStatus      driverlib.lib(adc.o)
    0x0000087e   0x0000087e   0x0000001a   Code   RO          196    i.ADCProcessorTrigger  driverlib.lib(adc.o)
    0x00000898   0x00000898   0x00000060   Code   RO          199    i.ADCSequenceConfigure  driverlib.lib(adc.o)
    0x000008f8   0x000008f8   0x00000024   Code   RO          202    i.ADCSequenceDataGet  driverlib.lib(adc.o)
    0x0000091c   0x0000091c   0x0000000e   Code   RO          204    i.ADCSequenceEnable  driverlib.lib(adc.o)
    0x0000092a   0x0000092a   0x0000009a   Code   RO          207    i.ADCSequenceStepConfigure  driverlib.lib(adc.o)
    0x000009c4   0x000009c4   0x00000010   Code   RO          452    i.FPUEnable         driverlib.lib(fpu.o)
    0x000009d4   0x000009d4   0x00000010   Code   RO          455    i.FPULazyStackingEnable  driverlib.lib(fpu.o)
    0x000009e4   0x000009e4   0x00000028   Code   RO          522    i.GPIODirModeSet    driverlib.lib(gpio.o)
    0x00000a0c   0x00000a0c   0x00000138   Code   RO          534    i.GPIOPadConfigSet  driverlib.lib(gpio.o)
    0x00000b44   0x00000b44   0x00000044   Code   RO          535    i.GPIOPinConfigure  driverlib.lib(gpio.o)
    0x00000b88   0x00000b88   0x0000001c   Code   RO          537    i.GPIOPinTypeADC    driverlib.lib(gpio.o)
    0x00000ba4   0x00000ba4   0x0000001c   Code   RO          546    i.GPIOPinTypeGPIOOutput  driverlib.lib(gpio.o)
    0x00000bc0   0x00000bc0   0x0000001c   Code   RO          553    i.GPIOPinTypePWM    driverlib.lib(gpio.o)
    0x00000bdc   0x00000bdc   0x0000001c   Code   RO          558    i.GPIOPinTypeUART   driverlib.lib(gpio.o)
    0x00000bf8   0x00000bf8   0x00000006   Code   RO          564    i.GPIOPinWrite      driverlib.lib(gpio.o)
    0x00000bfe   0x00000bfe   0x00000002   PAD
    0x00000c00   0x00000c00   0x0000000c   Code   RO            1    i.ISRSysTick        main.o
    0x00000c0c   0x00000c0c   0x0000000e   Code   RO          828    i.IntMasterEnable   driverlib.lib(interrupt.o)
    0x00000c1a   0x00000c1a   0x00000002   PAD
    0x00000c1c   0x00000c1c   0x00000034   Code   RO          837    i.IntRegister       driverlib.lib(interrupt.o)
    0x00000c50   0x00000c50   0x00000026   Code   RO          945    i.PWMGenConfigure   driverlib.lib(pwm.o)
    0x00000c76   0x00000c76   0x0000000a   Code   RO          947    i.PWMGenEnable      driverlib.lib(pwm.o)
    0x00000c80   0x00000c80   0x00000012   Code   RO          960    i.PWMGenPeriodSet   driverlib.lib(pwm.o)
    0x00000c92   0x00000c92   0x00000010   Code   RO          967    i.PWMOutputState    driverlib.lib(pwm.o)
    0x00000ca2   0x00000ca2   0x00000020   Code   RO          970    i.PWMPulseWidthSet  driverlib.lib(pwm.o)
    0x00000cc2   0x00000cc2   0x00000002   PAD
    0x00000cc4   0x00000cc4   0x00000154   Code   RO         1173    i.SysCtlClockGet    driverlib.lib(sysctl.o)
    0x00000e18   0x00000e18   0x00000120   Code   RO         1175    i.SysCtlClockSet    driverlib.lib(sysctl.o)
    0x00000f38   0x00000f38   0x00000014   Code   RO         1199    i.SysCtlPWMClockSet  driverlib.lib(sysctl.o)
    0x00000f4c   0x00000f4c   0x00000028   Code   RO         1204    i.SysCtlPeripheralEnable  driverlib.lib(sysctl.o)
    0x00000f74   0x00000f74   0x0000002c   Code   RO         1208    i.SysCtlPeripheralReady  driverlib.lib(sysctl.o)
    0x00000fa0   0x00000fa0   0x0000000e   Code   RO         1519    i.SysTickEnable     driverlib.lib(systick.o)
    0x00000fae   0x00000fae   0x0000000e   Code   RO         1521    i.SysTickIntEnable  driverlib.lib(systick.o)
    0x00000fbc   0x00000fbc   0x00000018   Code   RO         1522    i.SysTickIntRegister  driverlib.lib(systick.o)
    0x00000fd4   0x00000fd4   0x0000000a   Code   RO         1525    i.SysTickPeriodSet  driverlib.lib(systick.o)
    0x00000fde   0x00000fde   0x00000002   PAD
    0x00000fe0   0x00000fe0   0x00000084   Code   RO          114    i.SystemInit        system_tm4c123.o
    0x00001064   0x00001064   0x0000000c   Code   RO         1587    i.UARTCharGet       driverlib.lib(uart.o)
    0x00001070   0x00001070   0x0000000c   Code   RO         1589    i.UARTCharPut       driverlib.lib(uart.o)
    0x0000107c   0x0000107c   0x0000000a   Code   RO         1591    i.UARTCharsAvail    driverlib.lib(uart.o)
    0x00001086   0x00001086   0x0000006e   Code   RO         1595    i.UARTConfigSetExpClk  driverlib.lib(uart.o)
    0x000010f4   0x000010f4   0x0000000e   Code   RO         1926    i.__scatterload_copy  mc_w.l(handlers.o)
    0x00001102   0x00001102   0x00000002   Code   RO         1927    i.__scatterload_null  mc_w.l(handlers.o)
    0x00001104   0x00001104   0x0000000e   Code   RO         1928    i.__scatterload_zeroinit  mc_w.l(handlers.o)
    0x00001112   0x00001112   0x00000002   PAD
    0x00001114   0x00001114   0x000004a0   Code   RO            2    i.main              main.o
    0x000015b4   0x000015b4   0x00000034   Code   RO            3    i.send              main.o
    0x000015e8   0x000015e8   0x0000000c   Code   RO            4    i.sendChar          main.o
    0x000015f4   0x000015f4   0x00000010   Code   RO            5    i.sendFloat         main.o
    0x00001604   0x00001604   0x00000228   Data   RO          566    .constdata          driverlib.lib(gpio.o)
    0x0000182c   0x0000182c   0x00000254   Data   RO         1226    .constdata          driverlib.lib(sysctl.o)
    0x00001a80   0x00001a80   0x00000020   Data   RO         1924    Region$$Table       anon$$obj.o


    Execution Region ER_RW (Exec base: 0x20000000, Load base: 0x00001aa0, Size: 0x0000066c, Max: 0xffffffff, ABSOLUTE, COMPRESSED[0x00000138])

    Exec Addr    Load Addr    Size         Type   Attr      Idx    E Section Name        Object

    0x20000000   COMPRESSED   0x000001dc   Data   RW            9    .data               main.o
    0x200001dc   COMPRESSED   0x00000224   PAD
    0x20000400   COMPRESSED   0x0000026c   Data   RW          842    vtable              driverlib.lib(interrupt.o)


    Execution Region ER_ZI (Exec base: 0x2000066c, Load base: 0x00001bd8, Size: 0x00000224, Max: 0xffffffff, ABSOLUTE)

    Exec Addr    Load Addr    Size         Type   Attr      Idx    E Section Name        Object

    0x2000066c        -       0x00000020   Zero   RW            8    .bss                main.o
    0x2000068c   0x00001bd8   0x00000004   PAD
    0x20000690        -       0x00000200   Zero   RW          102    STACK               startup_tm4c123.o


==============================================================================

Image component sizes


      Code (inc. data)   RO Data    RW Data    ZI Data      Debug   Object Name

      1276        130          0        476         32       9658   main.o
       252         10        620          0        512       5456   startup_tm4c123.o
       132         42          0          0          0        609   system_tm4c123.o

    ----------------------------------------------------------------------
      1660        182        652       1024        548      15723   Object Totals
         0          0         32          0          0          0   (incl. Generated)
         0          0          0        548          4          0   (incl. Padding)

    ----------------------------------------------------------------------

      Code (inc. data)   RO Data    RW Data    ZI Data      Debug   Library Member Name

       406          0          0          0          0       8747   adc.o
        38          0          0          0          0        572   cpu.o
        32          8          0          0          0        908   fpu.o
       538          8        552          0          0       5690   gpio.o
        66          8          0        620          0       2092   interrupt.o
       114          0          0          0          0       2639   pwm.o
       738         68        596          0          0       5403   sysctl.o
        62          0          0          0          0       1935   systick.o
       144          0          0          0          0       3068   uart.o
        86          0          0          0          0          0   __dczerorl2.o
         0          0          0          0          0          0   entry.o
         0          0          0          0          0          0   entry10a.o
         0          0          0          0          0          0   entry11a.o
         8          4          0          0          0          0   entry2.o
         4          0          0          0          0          0   entry5.o
         0          0          0          0          0          0   entry7b.o
         0          0          0          0          0          0   entry8b.o
         8          4          0          0          0          0   entry9a.o
        30          0          0          0          0          0   handlers.o
        36          8          0          0          0         68   init.o
         0          0          0          0          0          0   iusefp.o
        30          0          0          0          0         68   llshl.o
        36          0          0          0          0         68   llsshr.o
        32          0          0          0          0         68   llushr.o
        56          0          0          0          0         88   d2f.o
       334          0          0          0          0        148   dadd.o
       222          0          0          0          0        100   ddiv.o
       186          0          0          0          0        176   depilogue.o
        26          0          0          0          0         76   dfltui.o
       110          0          0          0          0        168   fepilogue.o

    ----------------------------------------------------------------------
      3356        108       1148        620          0      32082   Library Totals
        14          0          0          0          0          0   (incl. Padding)

    ----------------------------------------------------------------------

      Code (inc. data)   RO Data    RW Data    ZI Data      Debug   Library Name

      2138         92       1148        620          0      31054   driverlib.lib
       270         16          0          0          0        272   mc_w.l
       934          0          0          0          0        756   mf_w.l

    ----------------------------------------------------------------------
      3356        108       1148        620          0      32082   Library Totals

    ----------------------------------------------------------------------

==============================================================================


      Code (inc. data)   RO Data    RW Data    ZI Data      Debug   

      5016        290       1800       1644        548      43573   Grand Totals
      5016        290       1800        312        548      43573   ELF Image Totals (compressed)
      5016        290       1800        312          0          0   ROM Totals

==============================================================================

    Total RO  Size (Code + RO Data)                 6816 (   6.66kB)
    Total RW  Size (RW Data + ZI Data)              2192 (   2.14kB)
    Total ROM Size (Code + RO Data + RW Data)       7128 (   6.96kB)

==============================================================================

